0 verbose cli /usr/local/nvm/versions/node/v22.11.0/bin/node /usr/local/nvm/versions/node/v22.11.0/bin/npm
1 info using npm@10.9.0
2 info using node@v22.11.0
3 silly config load:file:/usr/local/nvm/versions/node/v22.11.0/lib/node_modules/npm/npmrc
4 silly config load:file:/home/penurajeshitsd/.cache/typescript/5.4/.npmrc
5 silly config load:file:/home/penurajeshitsd/.npmrc
6 silly config load:file:/usr/local/nvm/versions/node/v22.11.0/etc/npmrc
7 verbose title npm install types-registry@latest
8 verbose argv "install" "--ignore-scripts" "types-registry@latest"
9 verbose logfile logs-max:10 dir:/home/penurajeshitsd/.npm/_logs/2024-11-17T03_41_53_212Z-
10 verbose logfile /home/penurajeshitsd/.npm/_logs/2024-11-17T03_41_53_212Z-debug-0.log
11 silly logfile start cleaning logs, removing 1 files
12 silly logfile done cleaning log files
13 silly packumentCache heap:2197815296 maxSize:549453824 maxEntrySize:274726912
14 silly packumentCache corgi:https://registry.npmjs.org/types-registry cache-miss
15 http fetch GET 200 https://registry.npmjs.org/types-registry 248ms (cache updated)
16 silly packumentCache corgi:https://registry.npmjs.org/types-registry set size:undefined disposed:false
17 silly idealTree buildDeps
18 silly fetch manifest types-registry@0.1.695
19 silly packumentCache full:https://registry.npmjs.org/types-registry cache-miss
20 http fetch GET 200 https://registry.npmjs.org/types-registry 88ms (cache updated)
21 silly packumentCache full:https://registry.npmjs.org/types-registry set size:undefined disposed:false
22 silly placeDep ROOT types-registry@0.1.695 REPLACE for:  want: 0.1.695
23 silly reify mark retired [
23 silly reify   '/home/penurajeshitsd/.cache/typescript/5.4/node_modules/types-registry'
23 silly reify ]
24 silly reify moves {
24 silly reify   '/home/penurajeshitsd/.cache/typescript/5.4/node_modules/types-registry': '/home/penurajeshitsd/.cache/typescript/5.4/node_modules/.types-registry-BBXRkXJF'
24 silly reify }
25 silly audit bulk request {
25 silly audit   '@types/node': [ '22.9.0' ],
25 silly audit   '@types/picomatch': [ '3.0.1' ],
25 silly audit   '@types/prop-types': [ '15.7.13' ],
25 silly audit   '@types/react': [ '18.3.12' ],
25 silly audit   '@types/react-dom': [ '18.3.1' ],
25 silly audit   csstype: [ '3.1.3' ],
25 silly audit   'undici-types': [ '6.19.8' ],
25 silly audit   'types-registry': [ '0.1.695' ]
25 silly audit }
26 silly tarball no local data for types-registry@https://registry.npmjs.org/types-registry/-/types-registry-0.1.695.tgz. Extracting by manifest.
27 http fetch GET 200 https://registry.npmjs.org/types-registry/-/types-registry-0.1.695.tgz 120ms (cache miss)
28 http fetch POST 200 https://registry.npmjs.org/-/npm/v1/security/advisories/bulk 212ms
29 silly audit report {}
30 silly CHANGE node_modules/types-registry
31 verbose cwd /home/penurajeshitsd/.cache/typescript/5.4
32 verbose os Linux 6.1.112+
33 verbose node v22.11.0
34 verbose npm  v10.9.0
35 verbose exit 0
36 info ok
